#-----------------------------------------------------------
# PlanAhead v14.7 (64-bit)
# Build 321239 by xbuild on Fri Sep 27 19:24:36 MDT 2013
# Start of session at: Fri Jun  7 16:32:51 2024
# Process ID: 5038
# Log file: /home/user/lab2_o_gore/planAhead_run_1/planAhead.log
# Journal file: /home/user/lab2_o_gore/planAhead_run_1/planAhead.jou
#-----------------------------------------------------------
start_gui
source /home/user/lab2_o_gore/pa.fromHdl.tcl
update_compile_order -fileset sim_1
startgroup
set_property package_pin D14 [get_ports {a[0]}]
endgroup
startgroup
set_property package_pin G14 [get_ports {a[1]}]
endgroup
startgroup
set_property package_pin F14 [get_ports {a[2]}]
endgroup
startgroup
set_property package_pin E13 [get_ports {a[3]}]
endgroup
startgroup
set_property package_pin N16 [get_ports {led[0]}]
endgroup
startgroup
set_property package_pin P13 [get_ports {led[1]}]
endgroup
startgroup
set_property package_pin R16 [get_ports {led[2]}]
endgroup
set_property package_pin "" [get_ports [list  {led[4]}]]
startgroup
set_property package_pin P15 [get_ports {led[3]}]
endgroup
startgroup
set_property package_pin N15 [get_ports {led[4]}]
endgroup
startgroup
set_property package_pin G13 [get_ports {led[5]}]
endgroup
startgroup
set_property package_pin E14 [get_ports {led[6]}]
endgroup
startgroup
set_property package_pin P16 [get_ports {led[7]}]
endgroup
startgroup
set_property package_pin P13 [get_ports {led[1]}]
endgroup
startgroup
set_property package_pin N16 [get_ports {led[0]}]
endgroup
set_property package_pin "" [get_ports [list  {state[1]}]]
startgroup
set_property package_pin T9 [get_ports clk]
endgroup
startgroup
set_property package_pin M13 [get_ports count]
endgroup
save_constraints
